Elapsed 2345 ms
Parsing: Reading Binary
Parsing: Parsing log data
Parsing: ArcDPS Build EVTC20260507
Parsing: ArcDPS Combat Item Revision 1
Parsing: Trigger ID 1
Parsing: Parsing agent data
Parsing: Agent Count 64
Parsing: Parsing skill data
Parsing: Skill Count 315
Parsing: Parsing combat list
Parsing: Combat Event Count 11971
Parsing: Encountered supported extension Healing Stats on 2.18rc1
Parsing: Combat Event Discarded 933
Parsing: Linking agents to combat list
Parsing: Creating 24 missing agents
Parsing: Keeping 88 agents
Parsing: Adding environment agent
Parsing: Adjusting extension events
Parsing: Linking minions to their masters
Parsing: Regrouping Agents
Parsing: Adjusting minion names
Parsing: Splitting players per spec and subgroup
Parsing: Creating players
Parsing: Preparing data for log generation
Parsing: Identifying critical agents
Parsing: Offseting time
Parsing: Offset of 0 ms added
Parsing: Encounter specific processing
Parsing: Data parsed
Parsing: Creating GW2EI Combat Events
Parsing: Creating EI Combat Data
Parsing: Combining SkillInfo with SkillData
Parsing: Creating Cast Events
Parsing: Creating Buff Events
Parsing: Creating Damage Events
Parsing: Creating Buff Dependent Events
Parsing: Attaching Extension Events
Parsing: Attaching healing extension revision 2 combat events
Parsing: Attached 29 heal events to CombatData
Parsing: 4 players have the extension running
Parsing: Attached healing extension combat events
Parsing: Adjusting player specs and groups based on Enter Combat events
Parsing: Creating Custom Events
Parsing: Processing Warrior Gadgets
Parsing: Processing Engineer Gadgets
Parsing: Processing Ranger Gadgets
Parsing: Processing Revenant Gadgets
Parsing: Processing Antiquary Gadgets
Parsing: Processing Racial Gadget
Parsing: Creating Custom Buff Events
Parsing: Creating Custom Damage Events
Parsing: Creating Custom Cast Events
Parsing: Creating Custom Status Events
Parsing: Checking Log Status
Parsing: Setting Log Name
Parsing: Checking Success
Parsing: Handling active players
Parsing: Removing player 2223 from player list - did not participate
Parsing: Removing player 2359 from player list - did not participate
Parsing: Removing player 26 from player list - did not participate
Parsing: Removing player 2239 from player list - did not participate
Parsing: Removing player 2240 from player list - did not participate
Parsing: Removing player 2219 from player list - did not participate
Parsing: Removing player 2916 from player list - did not participate
Parsing: Removing player 2689 from player list - did not participate
Parsing: Removing player 2281 from player list - did not participate
Parsing: Handling friendlies
Parsing: Player count: 4
Parsing: Friendlies count: 7
Parsing: Targets count: 21
Parsing: Trash Mobs count: 0
Parsing: Creating GW2EI Log Meta Data
Parsing: PoV Blaze Fangdango
Parsing: GW2 Build 199694
Parsing: Language English
Parsing: Log Start 2026-05-08 22:15:37 -04:00
Parsing: Log End 2026-05-08 22:15:59 -04:00
Parsing: Error As of arcdps 20210923, animated cast events' durations are broken, as such, any feature having a dependency on it are to be taken with a grain of salt. Impacted features are: <br>- Rotations <br>- Time spent in animation statistics <br>- Mechanics <br>- Phases <br>- Combat Replay Decorations
Parsing: Creating Buff Container
Parsing: Adjusting Skill icons using buffs
Parsing: Adjusted 91 Skill icons using buffs
Parsing: Adjusting Buffs
Parsing: Deduced 52 unknown buff formulas
Parsing: Adjusted capacity for Fury from 9 to 99
Parsing: Adjusted capacity for Quickness from 5 to 99
Parsing: Adjusted capacity for Alacrity from 9 to 99
Parsing: Adjusted capacity for Protection from 5 to 99
Parsing: Adjusted capacity for Vigor from 5 to 99
Parsing: Adjusted capacity for Swiftness from 9 to 99
Parsing: Adjusted capacity for Resolution from 5 to 99
Parsing: Adjusted capacity for Chilled from 5 to 9
Parsing: Adjusted capacity for Crippled from 5 to 9
Parsing: Adjusted capacity for Weakness from 5 to 9
Parsing: Adjusted capacity for Hide in Shadows from 25 to 9
Parsing: Unknown Formula for Bowl of Fruit Salad with Mint Garnish: Unknown 98:  +20Unknown
Parsing: Unknown Formula for Bowl of Fruit Salad with Mint Garnish: Unknown 133:  +10Unknown
Parsing: Unknown Formula for Peppercorn-Crusted Sous-Vide Steak: Unknown 98:  +20Unknown
Parsing: Unknown Formula for Peppercorn-Crusted Sous-Vide Steak: Unknown 133:  +10Unknown
Parsing: Unknown Formula for Bowl of Mists-Infused Fruit Salad with Mint Garnish: Unknown 98:  +20Unknown
Parsing: Unknown Formula for Bowl of Mists-Infused Fruit Salad with Mint Garnish: Unknown 133:  +10Unknown
Parsing: Unknown Formula for Guild Objective Aura VII: Unknown 127:  +5Unknown
Parsing: Unknown Formula for Guild Objective Aura VII: Unknown 133:  +10Unknown
Parsing: Creating Damage Modifier Container
Parsing: Creating Mechanic Data
Parsing: Creating General Statistics Container
Parsing: Find sources for buff extension events
Parsing: Multi threading
Parsing: Initializing Actor dictionary
DPSReport: Uploading
DPSReport: UploadUsingEI tentative
DPSReport: UploadUsingEI tentative successful
DPSReport: https://wvw.report/rhCb-20260508-221559_wvw
Program: Creating File(s)
Program: Creating HTML
HTML: replacing global variables
HTML: building CSS
HTML: building JS
HTML: building Combat Replay JS
HTML: building Log Data
HTML: building Meta Data
Parsing: Found player Toxic Tiny Necro not in player list
HTML: building Combat Replay
HTML: building Graph Data
HTML: building Players
HTML: building Enemies
HTML: building Targets
HTML: building Skill/Buff/Damage Modifier dictionaries
HTML: building Phases
HTML: building Healing Extension
Program: HTML created
Completed for killed detailed_wvw
